(3.5,3.5,3.5,3.5)
(1.3,1.3,1.3,1.3)
(5.28,5.28,5.28,5.28)
(2.3,2.3,2.3,2.3)
(-3.5,-3.5,-3.5,-3.5)
